[
  {
    "acvVersion":"1.0"
  },
  {
    "isSample":false,
    "operation":"register",
    "certificateRequest":"no",
    "debugRequest":"yes",
    "production":"no",
    "encryptAtRest":"yes",
    "algorithms":[
      {
        "revision":"1.0",
        "algorithm":"kdf-components",
        "mode":"ansix9.63",
        "prereqVals":[
          {
            "algorithm":"SHA",
            "valValue":"same"
          }
        ],
        "sharedInfoLength":[
          {
            "min":0,
            "max":1024,
            "increment":8
          }
        ],
        "fieldSize":[
          256,
          283
        ],
        "keyDataLength":[
          {
            "min":128,
            "max":4096,
            "increment":8
          }
        ],
        "hashAlg":[
          "SHA2-256",
          "SHA2-384"
        ]
      }
    ]
  }
]
