[
  {
    "acvVersion":"1.0"
  },
  {
    "isSample":false,
    "operation":"register",
    "certificateRequest":"no",
    "debugRequest":"yes",
    "production":"no",
    "encryptAtRest":"yes",
    "algorithms":[
      {
        "revision":"1.0",
        "algorithm":"HMAC-SHA-1",
        "prereqVals":[
          {
            "algorithm":"SHA",
            "valValue":"same"
          }
        ],
        "keyLen":[
          {
            "min":112,
            "max":524288,
            "increment":8
          }
        ],
        "macLen":[
          160
        ]
      },
      {
        "revision":"1.0",
        "algorithm":"HMAC-SHA2-224",
        "prereqVals":[
          {
            "algorithm":"SHA",
            "valValue":"same"
          }
        ],
        "keyLen":[
          {
            "min":112,
            "max":524288,
            "increment":8
          }
        ],
        "macLen":[
          224
        ]
      },
      {
        "revision":"1.0",
        "algorithm":"HMAC-SHA2-256",
        "prereqVals":[
          {
            "algorithm":"SHA",
            "valValue":"same"
          }
        ],
        "keyLen":[
          {
            "min":112,
            "max":524288,
            "increment":8
          }
        ],
        "macLen":[
          256
        ]
      },
      {
        "revision":"1.0",
        "algorithm":"HMAC-SHA2-384",
        "prereqVals":[
          {
            "algorithm":"SHA",
            "valValue":"same"
          }
        ],
        "keyLen":[
          {
            "min":112,
            "max":524288,
            "increment":8
          }
        ],
        "macLen":[
          384
        ]
      },
      {
        "revision":"1.0",
        "algorithm":"HMAC-SHA2-512",
        "prereqVals":[
          {
            "algorithm":"SHA",
            "valValue":"same"
          }
        ],
        "keyLen":[
          {
            "min":112,
            "max":524288,
            "increment":8
          }
        ],
        "macLen":[
          512
        ]
      },
      {
        "revision":"1.0",
        "algorithm":"HMAC-SHA3-224",
        "prereqVals":[
          {
            "algorithm":"SHA",
            "valValue":"same"
          }
        ],
        "keyLen":[
          {
            "min":112,
            "max":524288,
            "increment":8
          }
        ],
        "macLen":[
          224
        ]
      },
      {
        "revision":"1.0",
        "algorithm":"HMAC-SHA3-256",
        "prereqVals":[
          {
            "algorithm":"SHA",
            "valValue":"same"
          }
        ],
        "keyLen":[
          {
            "min":112,
            "max":524288,
            "increment":8
          }
        ],
        "macLen":[
          256
        ]
      },
      {
        "revision":"1.0",
        "algorithm":"HMAC-SHA3-384",
        "prereqVals":[
          {
            "algorithm":"SHA",
            "valValue":"same"
          }
        ],
        "keyLen":[
          {
            "min":112,
            "max":524288,
            "increment":8
          }
        ],
        "macLen":[
          384
        ]
      },
      {
        "revision":"1.0",
        "algorithm":"HMAC-SHA3-512",
        "prereqVals":[
          {
            "algorithm":"SHA",
            "valValue":"same"
          }
        ],
        "keyLen":[
          {
            "min":112,
            "max":524288,
            "increment":8
          }
        ],
        "macLen":[
          512
        ]
      }
    ]
  }
]
