[
  {
    "acvVersion":"1.0"
  },
  {
    "isSample":false,
    "operation":"register",
    "certificateRequest":"no",
    "debugRequest":"yes",
    "production":"no",
    "encryptAtRest":"yes",
    "algorithms":[
      {
        "revision":"1.0",
        "algorithm":"SHA-1",
        "inBit":false,
        "inEmpty":true,
        "messageLength":[
          {
            "min":0,
            "max":65536,
            "increment":8
          }
        ],
        "performLargeDataTest":[
          1,
          2,
          4,
          8
        ]
      },
      {
        "revision":"1.0",
        "algorithm":"SHA2-224",
        "inBit":false,
        "inEmpty":true,
        "messageLength":[
          {
            "min":0,
            "max":65536,
            "increment":8
          }
        ],
        "performLargeDataTest":[
          1,
          2,
          4,
          8
        ]
      },
      {
        "revision":"1.0",
        "algorithm":"SHA2-256",
        "inBit":false,
        "inEmpty":true,
        "messageLength":[
          {
            "min":0,
            "max":65536,
            "increment":8
          }
        ],
        "performLargeDataTest":[
          1,
          2,
          4,
          8
        ]
      },
      {
        "revision":"1.0",
        "algorithm":"SHA2-384",
        "inBit":false,
        "inEmpty":true,
        "messageLength":[
          {
            "min":0,
            "max":65536,
            "increment":8
          }
        ],
        "performLargeDataTest":[
          1,
          2,
          4,
          8
        ]
      },
      {
        "revision":"1.0",
        "algorithm":"SHA2-512",
        "inBit":false,
        "inEmpty":true,
        "messageLength":[
          {
            "min":0,
            "max":65536,
            "increment":8
          }
        ],
        "performLargeDataTest":[
          1,
          2,
          4,
          8
        ]
      },
      {
        "revision":"2.0",
        "algorithm":"SHA3-224",
        "inBit":false,
        "inEmpty":true,
        "messageLength":[
          {
            "min":0,
            "max":65536,
            "increment":8
          }
        ],
        "performLargeDataTest":[
          1,
          2,
          4,
          8
        ]
      },
      {
        "revision":"2.0",
        "algorithm":"SHA3-256",
        "inBit":false,
        "inEmpty":true,
        "messageLength":[
          {
            "min":0,
            "max":65536,
            "increment":8
          }
        ],
        "performLargeDataTest":[
          1,
          2,
          4,
          8
        ]
      },
      {
        "revision":"2.0",
        "algorithm":"SHA3-384",
        "inBit":false,
        "inEmpty":true,
        "messageLength":[
          {
            "min":0,
            "max":65536,
            "increment":8
          }
        ],
        "performLargeDataTest":[
          1,
          2,
          4,
          8
        ]
      },
      {
        "revision":"2.0",
        "algorithm":"SHA3-512",
        "inBit":false,
        "inEmpty":true,
        "messageLength":[
          {
            "min":0,
            "max":65536,
            "increment":8
          }
        ],
        "performLargeDataTest":[
          1,
          2,
          4,
          8
        ]
      }
    ]
  }
]
