[
  {
    "acvVersion":"1.0"
  },
  {
    "isSample":false,
    "operation":"register",
    "certificateRequest":"no",
    "debugRequest":"yes",
    "production":"no",
    "encryptAtRest":"yes",
    "algorithms":[
      {
        "revision":"1.0",
        "algorithm":"SHAKE-128",
        "inBit":false,
        "inEmpty":true,
        "outBit":false,
        "messageLength":[
          {
            "min":16,
            "max":65536,
            "increment":8
          }
        ],
        "outputLen":[
          {
            "min":16,
            "max":65536,
            "increment":8
          }
        ]
      },
      {
        "revision":"1.0",
        "algorithm":"SHAKE-256",
        "inBit":false,
        "inEmpty":true,
        "outBit":false,
        "messageLength":[
          {
            "min":16,
            "max":65536,
            "increment":8
          }
        ],
        "outputLen":[
          {
            "min":16,
            "max":65536,
            "increment":8
          }
        ]
      }
    ]
  }
]
